------------------------------------------------------------
TimeQuest Timing Analyzer Summary
------------------------------------------------------------

Type  : Slow Model Setup 'generate_clocks:clk_gen|clkdiv'
Slack : -7.467
TNS   : -149.539

Type  : Slow Model Setup 'generate_clocks:clk_gen|clk100Hz'
Slack : -6.099
TNS   : -1148.429

Type  : Slow Model Setup 'CLOCK_50'
Slack : -3.119
TNS   : -466.230

Type  : Slow Model Setup 'state_machine:sm|score_2_tens[1]'
Slack : -1.158
TNS   : -7.909

Type  : Slow Model Setup 'state_machine:sm|score_1_ones[1]'
Slack : -1.144
TNS   : -6.986

Type  : Slow Model Setup 'state_machine:sm|score_2_ones[1]'
Slack : -0.621
TNS   : -4.094

Type  : Slow Model Setup 'state_machine:sm|score_1_tens[1]'
Slack : -0.357
TNS   : -2.294

Type  : Slow Model Hold 'state_machine:sm|score_2_ones[1]'
Slack : -2.931
TNS   : -19.066

Type  : Slow Model Hold 'state_machine:sm|score_1_tens[1]'
Slack : -2.638
TNS   : -18.348

Type  : Slow Model Hold 'generate_clocks:clk_gen|clk100Hz'
Slack : -2.632
TNS   : -104.246

Type  : Slow Model Hold 'state_machine:sm|score_1_ones[1]'
Slack : -2.563
TNS   : -16.881

Type  : Slow Model Hold 'CLOCK_50'
Slack : -2.558
TNS   : -5.100

Type  : Slow Model Hold 'state_machine:sm|score_2_tens[1]'
Slack : -2.366
TNS   : -16.235

Type  : Slow Model Hold 'generate_clocks:clk_gen|clkdiv'
Slack : 0.391
TNS   : 0.000

Type  : Slow Model Minimum Pulse Width 'CLOCK_50'
Slack : -1.380
TNS   : -183.380

Type  : Slow Model Minimum Pulse Width 'generate_clocks:clk_gen|clk100Hz'
Slack : -0.500
TNS   : -259.000

Type  : Slow Model Minimum Pulse Width 'generate_clocks:clk_gen|clkdiv'
Slack : -0.500
TNS   : -38.000

Type  : Slow Model Minimum Pulse Width 'state_machine:sm|score_1_ones[1]'
Slack : 0.500
TNS   : 0.000

Type  : Slow Model Minimum Pulse Width 'state_machine:sm|score_1_tens[1]'
Slack : 0.500
TNS   : 0.000

Type  : Slow Model Minimum Pulse Width 'state_machine:sm|score_2_ones[1]'
Slack : 0.500
TNS   : 0.000

Type  : Slow Model Minimum Pulse Width 'state_machine:sm|score_2_tens[1]'
Slack : 0.500
TNS   : 0.000

Type  : Fast Model Setup 'generate_clocks:clk_gen|clkdiv'
Slack : -2.727
TNS   : -46.597

Type  : Fast Model Setup 'generate_clocks:clk_gen|clk100Hz'
Slack : -2.419
TNS   : -393.843

Type  : Fast Model Setup 'CLOCK_50'
Slack : -0.940
TNS   : -125.016

Type  : Fast Model Setup 'state_machine:sm|score_2_tens[1]'
Slack : -0.037
TNS   : -0.181

Type  : Fast Model Setup 'state_machine:sm|score_1_ones[1]'
Slack : -0.035
TNS   : -0.053

Type  : Fast Model Setup 'state_machine:sm|score_2_ones[1]'
Slack : 0.281
TNS   : 0.000

Type  : Fast Model Setup 'state_machine:sm|score_1_tens[1]'
Slack : 0.382
TNS   : 0.000

Type  : Fast Model Hold 'state_machine:sm|score_2_ones[1]'
Slack : -1.701
TNS   : -11.244

Type  : Fast Model Hold 'generate_clocks:clk_gen|clk100Hz'
Slack : -1.608
TNS   : -83.809

Type  : Fast Model Hold 'CLOCK_50'
Slack : -1.599
TNS   : -3.184

Type  : Fast Model Hold 'state_machine:sm|score_1_tens[1]'
Slack : -1.560
TNS   : -10.872

Type  : Fast Model Hold 'state_machine:sm|score_1_ones[1]'
Slack : -1.455
TNS   : -9.737

Type  : Fast Model Hold 'state_machine:sm|score_2_tens[1]'
Slack : -1.368
TNS   : -9.397

Type  : Fast Model Hold 'generate_clocks:clk_gen|clkdiv'
Slack : 0.215
TNS   : 0.000

Type  : Fast Model Minimum Pulse Width 'CLOCK_50'
Slack : -1.380
TNS   : -183.380

Type  : Fast Model Minimum Pulse Width 'generate_clocks:clk_gen|clk100Hz'
Slack : -0.500
TNS   : -259.000

Type  : Fast Model Minimum Pulse Width 'generate_clocks:clk_gen|clkdiv'
Slack : -0.500
TNS   : -38.000

Type  : Fast Model Minimum Pulse Width 'state_machine:sm|score_1_ones[1]'
Slack : 0.500
TNS   : 0.000

Type  : Fast Model Minimum Pulse Width 'state_machine:sm|score_1_tens[1]'
Slack : 0.500
TNS   : 0.000

Type  : Fast Model Minimum Pulse Width 'state_machine:sm|score_2_ones[1]'
Slack : 0.500
TNS   : 0.000

Type  : Fast Model Minimum Pulse Width 'state_machine:sm|score_2_tens[1]'
Slack : 0.500
TNS   : 0.000

------------------------------------------------------------
